../Core/Src/main.c:96:5:_write	1
../Core/Src/main.c:102:6:Auto_Headlight_Logic	20
../Core/Src/main.c:208:5:main	16
../Core/Src/main.c:369:6:SystemClock_Config	3
../Core/Src/main.c:415:13:MX_ADC1_Init	5
../Core/Src/main.c:486:13:MX_ADC3_Init	4
../Core/Src/main.c:548:13:MX_ETH_Init	2
../Core/Src/main.c:597:13:MX_TIM2_Init	7
../Core/Src/main.c:660:13:MX_TIM3_Init	7
../Core/Src/main.c:723:13:MX_USART3_UART_Init	2
../Core/Src/main.c:756:13:MX_USART6_UART_Init	2
../Core/Src/main.c:789:13:MX_USB_OTG_FS_PCD_Init	2
../Core/Src/main.c:822:13:MX_DMA_Init	1
../Core/Src/main.c:849:13:MX_GPIO_Init	1
../Core/Src/main.c:911:6:Error_Handler	1
