../Core/Src/main.c:96:5:_write	24	static
../Core/Src/main.c:102:6:Auto_Headlight_Logic	328	static
../Core/Src/main.c:208:5:main	104	static
../Core/Src/main.c:369:6:SystemClock_Config	88	static
../Core/Src/main.c:415:13:MX_ADC1_Init	24	static
../Core/Src/main.c:486:13:MX_ADC3_Init	24	static
../Core/Src/main.c:548:13:MX_ETH_Init	8	static
../Core/Src/main.c:597:13:MX_TIM2_Init	64	static
../Core/Src/main.c:660:13:MX_TIM3_Init	64	static
../Core/Src/main.c:723:13:MX_USART3_UART_Init	8	static
../Core/Src/main.c:756:13:MX_USART6_UART_Init	8	static
../Core/Src/main.c:789:13:MX_USB_OTG_FS_PCD_Init	8	static
../Core/Src/main.c:822:13:MX_DMA_Init	16	static
../Core/Src/main.c:849:13:MX_GPIO_Init	56	static
../Core/Src/main.c:911:6:Error_Handler	4	static,ignoring_inline_asm
